<?xml version="1.0" encoding="utf-8"?>
<TestRun id="9c104c41-2019-4661-a98f-539ee43695be" name="sanuki@DESKTOP-DLA2BE6 2023-10-22 11:22:59" runUser="DESKTOP-DLA2BE6\sanuki" xmlns="http://microsoft.com/schemas/VisualStudio/TeamTest/2010">
  <Times creation="2023-10-22T11:22:59.1278048+09:00" queuing="2023-10-22T11:22:59.1278051+09:00" start="2023-10-22T11:22:56.1522773+09:00" finish="2023-10-22T11:22:59.1340658+09:00" />
  <TestSettings name="default" id="3e85efa0-ba95-4a8f-9ea7-d4166234eeb7">
    <Deployment runDeploymentRoot="sanuki_DESKTOP-DLA2BE6_2023-10-22_11_22_59" />
  </TestSettings>
  <Results>
    <UnitTestResult executionId="52d1eaf3-a872-46bc-b8dc-513f3e7720da" testId="c49a477e-a160-5d3d-2ab2-6161d397a2e2" testName="HomepageHasPlaywrightInTitleAndGetStartedLinkLinkingtoTheIntroPage" computerName="DESKTOP-DLA2BE6" duration="00:00:02.3422210" startTime="2023-10-22T11:22:56.7103452+09:00" endTime="2023-10-22T11:22:59.0525654+09:00" testType="13cdc9d9-ddb5-4fa4-a97d-d965ccfc6d4b" outcome="Passed" testListId="8c84fa94-04c1-424b-9868-57a2d4851a1d" relativeResultsDirectory="52d1eaf3-a872-46bc-b8dc-513f3e7720da" />
    <UnitTestResult executionId="3e04b81d-8079-47eb-8dd9-a6b08ce05b6a" testId="8c19bc88-c862-3f52-dcd6-a605045c78c8" testName="HomepageHasPlaywrightInTitleAndGetStartedLinkLinkingtoTheIntroPage" computerName="DESKTOP-DLA2BE6" duration="00:00:02.3123220" startTime="2023-10-22T11:22:56.7103073+09:00" endTime="2023-10-22T11:22:59.0226283+09:00" testType="13cdc9d9-ddb5-4fa4-a97d-d965ccfc6d4b" outcome="Passed" testListId="8c84fa94-04c1-424b-9868-57a2d4851a1d" relativeResultsDirectory="3e04b81d-8079-47eb-8dd9-a6b08ce05b6a" />
    <UnitTestResult executionId="0c9b5a02-a47c-457e-8971-2c38558f57e7" testId="5b450a63-3a31-113d-85f1-64ce8d500ec0" testName="HomepageHasPlaywrightInTitleAndGetStartedLinkLinkingtoTheIntroPage" computerName="DESKTOP-DLA2BE6" duration="00:00:02.2529810" startTime="2023-10-22T11:22:56.7103077+09:00" endTime="2023-10-22T11:22:58.9632321+09:00" testType="13cdc9d9-ddb5-4fa4-a97d-d965ccfc6d4b" outcome="Passed" testListId="8c84fa94-04c1-424b-9868-57a2d4851a1d" relativeResultsDirectory="0c9b5a02-a47c-457e-8971-2c38558f57e7" />
  </Results>
  <TestDefinitions>
    <UnitTest name="HomepageHasPlaywrightInTitleAndGetStartedLinkLinkingtoTheIntroPage" storage="d:\user\vs\repos\playwrighttests\bin\debug\net6.0\playwrighttests.dll" id="5b450a63-3a31-113d-85f1-64ce8d500ec0">
      <Execution id="0c9b5a02-a47c-457e-8971-2c38558f57e7" />
      <TestMethod codeBase="D:\user\vs\repos\PlaywrightTests\bin\Debug\net6.0\PlaywrightTests.dll" adapterTypeName="executor://nunit3testexecutor/" className="PlaywrightTests.Tests2" name="HomepageHasPlaywrightInTitleAndGetStartedLinkLinkingtoTheIntroPage" />
    </UnitTest>
    <UnitTest name="HomepageHasPlaywrightInTitleAndGetStartedLinkLinkingtoTheIntroPage" storage="d:\user\vs\repos\playwrighttests\bin\debug\net6.0\playwrighttests.dll" id="c49a477e-a160-5d3d-2ab2-6161d397a2e2">
      <Execution id="52d1eaf3-a872-46bc-b8dc-513f3e7720da" />
      <TestMethod codeBase="D:\user\vs\repos\PlaywrightTests\bin\Debug\net6.0\PlaywrightTests.dll" adapterTypeName="executor://nunit3testexecutor/" className="PlaywrightTests.Tests" name="HomepageHasPlaywrightInTitleAndGetStartedLinkLinkingtoTheIntroPage" />
    </UnitTest>
    <UnitTest name="HomepageHasPlaywrightInTitleAndGetStartedLinkLinkingtoTheIntroPage" storage="d:\user\vs\repos\playwrighttests\bin\debug\net6.0\playwrighttests.dll" id="8c19bc88-c862-3f52-dcd6-a605045c78c8">
      <Execution id="3e04b81d-8079-47eb-8dd9-a6b08ce05b6a" />
      <TestMethod codeBase="D:\user\vs\repos\PlaywrightTests\bin\Debug\net6.0\PlaywrightTests.dll" adapterTypeName="executor://nunit3testexecutor/" className="PlaywrightTests.Tests3" name="HomepageHasPlaywrightInTitleAndGetStartedLinkLinkingtoTheIntroPage" />
    </UnitTest>
  </TestDefinitions>
  <TestEntries>
    <TestEntry testId="c49a477e-a160-5d3d-2ab2-6161d397a2e2" executionId="52d1eaf3-a872-46bc-b8dc-513f3e7720da" testListId="8c84fa94-04c1-424b-9868-57a2d4851a1d" />
    <TestEntry testId="8c19bc88-c862-3f52-dcd6-a605045c78c8" executionId="3e04b81d-8079-47eb-8dd9-a6b08ce05b6a" testListId="8c84fa94-04c1-424b-9868-57a2d4851a1d" />
    <TestEntry testId="5b450a63-3a31-113d-85f1-64ce8d500ec0" executionId="0c9b5a02-a47c-457e-8971-2c38558f57e7" testListId="8c84fa94-04c1-424b-9868-57a2d4851a1d" />
  </TestEntries>
  <TestLists>
    <TestList name="一覧に存在しない結果" id="8c84fa94-04c1-424b-9868-57a2d4851a1d" />
    <TestList name="読み込まれたすべての結果" id="19431567-8539-422a-85d7-44ee4e166bda" />
  </TestLists>
  <ResultSummary outcome="Completed">
    <Counters total="3" executed="3" passed="3" failed="0" error="0" timeout="0" aborted="0" inconclusive="0" passedButRunAborted="0" notRunnable="0" notExecuted="0" disconnected="0" warning="0" completed="0" inProgress="0" pending="0" />
    <Output>
      <StdOut>NUnit Adapter 4.2.0.0: Test execution started&#xD;
Running all tests in D:\user\vs\repos\PlaywrightTests\bin\Debug\net6.0\PlaywrightTests.dll&#xD;
   NUnit3TestExecutor discovered 3 of 3 NUnit test cases using Current Discovery mode, Non-Explicit run&#xD;
NUnit Adapter 4.2.0.0: Test execution complete&#xD;
</StdOut>
    </Output>
  </ResultSummary>
</TestRun>